Archive member included to satisfy reference by file (symbol)

c:/st/stm32cubeide_1.8.0/stm32cubeide/plugins/com.st.stm32cube.ide.mcu.externaltools.gnu-tools-for-stm32.10.3-2021.10.win32_1.0.0.202111181127/tools/bin/../lib/gcc/arm-none-eabi/10.3.1/../../../../arm-none-eabi/lib/thumb/v7-m/nofp\libc_nano.a(lib_a-errno.o)
                              ./Core/Src/syscalls.o (__errno)
c:/st/stm32cubeide_1.8.0/stm32cubeide/plugins/com.st.stm32cube.ide.mcu.externaltools.gnu-tools-for-stm32.10.3-2021.10.win32_1.0.0.202111181127/tools/bin/../lib/gcc/arm-none-eabi/10.3.1/../../../../arm-none-eabi/lib/thumb/v7-m/nofp\libc_nano.a(lib_a-exit.o)
                              c:/st/stm32cubeide_1.8.0/stm32cubeide/plugins/com.st.stm32cube.ide.mcu.externaltools.gnu-tools-for-stm32.10.3-2021.10.win32_1.0.0.202111181127/tools/bin/../lib/gcc/arm-none-eabi/10.3.1/../../../../arm-none-eabi/lib/thumb/v7-m/nofp/crt0.o (exit)
c:/st/stm32cubeide_1.8.0/stm32cubeide/plugins/com.st.stm32cube.ide.mcu.externaltools.gnu-tools-for-stm32.10.3-2021.10.win32_1.0.0.202111181127/tools/bin/../lib/gcc/arm-none-eabi/10.3.1/../../../../arm-none-eabi/lib/thumb/v7-m/nofp\libc_nano.a(lib_a-impure.o)
                              c:/st/stm32cubeide_1.8.0/stm32cubeide/plugins/com.st.stm32cube.ide.mcu.externaltools.gnu-tools-for-stm32.10.3-2021.10.win32_1.0.0.202111181127/tools/bin/../lib/gcc/arm-none-eabi/10.3.1/../../../../arm-none-eabi/lib/thumb/v7-m/nofp\libc_nano.a(lib_a-exit.o) (_global_impure_ptr)
c:/st/stm32cubeide_1.8.0/stm32cubeide/plugins/com.st.stm32cube.ide.mcu.externaltools.gnu-tools-for-stm32.10.3-2021.10.win32_1.0.0.202111181127/tools/bin/../lib/gcc/arm-none-eabi/10.3.1/../../../../arm-none-eabi/lib/thumb/v7-m/nofp\libc_nano.a(lib_a-init.o)
                              c:/st/stm32cubeide_1.8.0/stm32cubeide/plugins/com.st.stm32cube.ide.mcu.externaltools.gnu-tools-for-stm32.10.3-2021.10.win32_1.0.0.202111181127/tools/bin/../lib/gcc/arm-none-eabi/10.3.1/../../../../arm-none-eabi/lib/thumb/v7-m/nofp/crt0.o (__libc_init_array)
c:/st/stm32cubeide_1.8.0/stm32cubeide/plugins/com.st.stm32cube.ide.mcu.externaltools.gnu-tools-for-stm32.10.3-2021.10.win32_1.0.0.202111181127/tools/bin/../lib/gcc/arm-none-eabi/10.3.1/../../../../arm-none-eabi/lib/thumb/v7-m/nofp\libc_nano.a(lib_a-memset.o)
                              c:/st/stm32cubeide_1.8.0/stm32cubeide/plugins/com.st.stm32cube.ide.mcu.externaltools.gnu-tools-for-stm32.10.3-2021.10.win32_1.0.0.202111181127/tools/bin/../lib/gcc/arm-none-eabi/10.3.1/../../../../arm-none-eabi/lib/thumb/v7-m/nofp/crt0.o (memset)
c:/st/stm32cubeide_1.8.0/stm32cubeide/plugins/com.st.stm32cube.ide.mcu.externaltools.gnu-tools-for-stm32.10.3-2021.10.win32_1.0.0.202111181127/tools/bin/../lib/gcc/arm-none-eabi/10.3.1/../../../../arm-none-eabi/lib/thumb/v7-m/nofp\libc_nano.a(lib_a-qsort.o)
                              ./Core/Src/MS5837-02BA.o (qsort)
c:/st/stm32cubeide_1.8.0/stm32cubeide/plugins/com.st.stm32cube.ide.mcu.externaltools.gnu-tools-for-stm32.10.3-2021.10.win32_1.0.0.202111181127/tools/bin/../lib/gcc/arm-none-eabi/10.3.1/thumb/v7-m/nofp\libgcc.a(_arm_addsubdf3.o)
                              ./Core/Src/MS5837-02BA.o (__aeabi_l2d)
c:/st/stm32cubeide_1.8.0/stm32cubeide/plugins/com.st.stm32cube.ide.mcu.externaltools.gnu-tools-for-stm32.10.3-2021.10.win32_1.0.0.202111181127/tools/bin/../lib/gcc/arm-none-eabi/10.3.1/thumb/v7-m/nofp\libgcc.a(_arm_muldivdf3.o)
                              ./Core/Src/MS5837-02BA.o (__aeabi_ddiv)
c:/st/stm32cubeide_1.8.0/stm32cubeide/plugins/com.st.stm32cube.ide.mcu.externaltools.gnu-tools-for-stm32.10.3-2021.10.win32_1.0.0.202111181127/tools/bin/../lib/gcc/arm-none-eabi/10.3.1/thumb/v7-m/nofp\libgcc.a(_arm_addsubsf3.o)
                              ./Core/Src/communication.o (__aeabi_i2f)
c:/st/stm32cubeide_1.8.0/stm32cubeide/plugins/com.st.stm32cube.ide.mcu.externaltools.gnu-tools-for-stm32.10.3-2021.10.win32_1.0.0.202111181127/tools/bin/../lib/gcc/arm-none-eabi/10.3.1/thumb/v7-m/nofp\libgcc.a(_aeabi_ldivmod.o)
                              ./Core/Src/MS5837-02BA.o (__aeabi_ldivmod)
c:/st/stm32cubeide_1.8.0/stm32cubeide/plugins/com.st.stm32cube.ide.mcu.externaltools.gnu-tools-for-stm32.10.3-2021.10.win32_1.0.0.202111181127/tools/bin/../lib/gcc/arm-none-eabi/10.3.1/thumb/v7-m/nofp\libgcc.a(_aeabi_uldivmod.o)
                              ./Core/Src/MS5837-02BA.o (__aeabi_uldivmod)
c:/st/stm32cubeide_1.8.0/stm32cubeide/plugins/com.st.stm32cube.ide.mcu.externaltools.gnu-tools-for-stm32.10.3-2021.10.win32_1.0.0.202111181127/tools/bin/../lib/gcc/arm-none-eabi/10.3.1/thumb/v7-m/nofp\libgcc.a(_fixdfdi.o)
                              ./Core/Src/MS5837-02BA.o (__aeabi_d2lz)
c:/st/stm32cubeide_1.8.0/stm32cubeide/plugins/com.st.stm32cube.ide.mcu.externaltools.gnu-tools-for-stm32.10.3-2021.10.win32_1.0.0.202111181127/tools/bin/../lib/gcc/arm-none-eabi/10.3.1/thumb/v7-m/nofp\libgcc.a(_fixunsdfdi.o)
[...]
Memory Configuration

Name             Origin             Length             Attributes
RAM              0x0000000020000000 0x0000000000002800 xrw
FLASH            0x0000000008000000 0x0000000000008000 xr
*default*        0x0000000000000000 0xffffffffffffffff

Linker script and memory map

LOAD c:/st/stm32cubeide_1.8.0/stm32cubeide/plugins/com.st.stm32cube.ide.mcu.externaltools.gnu-tools-for-stm32.10.3-2021.10.win32_1.0.0.202111181127/tools/bin/../lib/gcc/arm-none-eabi/10.3.1/thumb/v7-m/nofp/crti.o
LOAD c:/st/stm32cubeide_1.8.0/stm32cubeide/plugins/com.st.stm32cube.ide.mcu.externaltools.gnu-tools-for-stm32.10.3-2021.10.win32_1.0.0.202111181127/tools/bin/../lib/gcc/arm-none-eabi/10.3.1/thumb/v7-m/nofp/crtbegin.o
LOAD c:/st/stm32cubeide_1.8.0/stm32cubeide/plugins/com.st.stm32cube.ide.mcu.externaltools.gnu-tools-for-stm32.10.3-2021.10.win32_1.0.0.202111181127/tools/bin/../lib/gcc/arm-none-eabi/10.3.1/../../../../arm-none-eabi/lib/thumb/v7-m/nofp/crt0.o
LOAD ./Core/Src/MS5837-02BA.o
LOAD ./Core/Src/backplate.o
LOAD ./Core/Src/checksum.o
LOAD ./Core/Src/communication.o
LOAD ./Core/Src/main.o
LOAD ./Core/Src/sensors.o
LOAD ./Core/Src/stm32f1xx_hal_msp.o
LOAD ./Core/Src/stm32f1xx_it.o
LOAD ./Core/Src/syscalls.o
LOAD ./Core/Src/sysmem.o
LOAD ./Core/Src/system_stm32f1xx.o
LOAD ./Core/Src/thrusters.o
LOAD ./Core/Startup/startup_stm32f103c6tx.o
LOAD ./Drivers/STM32F1xx_HAL_Driver/Src/stm32f1xx_hal.o
LOAD ./Drivers/STM32F1xx_HAL_Driver/Src/stm32f1xx_hal_cortex.o
LOAD ./Drivers/STM32F1xx_HAL_Driver/Src/stm32f1xx_hal_dma.o
LOAD ./Drivers/STM32F1xx_HAL_Driver/Src/stm32f1xx_hal_exti.o
LOAD ./Drivers/STM32F1xx_HAL_Driver/Src/stm32f1xx_hal_flash.o
LOAD ./Drivers/STM32F1xx_HAL_Driver/Src/stm32f1xx_hal_flash_ex.o
LOAD ./Drivers/STM32F1xx_HAL_Driver/Src/stm32f1xx_hal_gpio.o
LOAD ./Drivers/STM32F1xx_HAL_Driver/Src/stm32f1xx_hal_gpio_ex.o
LOAD ./Drivers/STM32F1xx_HAL_Driver/Src/stm32f1xx_hal_i2c.o
LOAD ./Drivers/STM32F1xx_HAL_Driver/Src/stm32f1xx_hal_pwr.o
LOAD ./Drivers/STM32F1xx_HAL_Driver/Src/stm32f1xx_hal_rcc.o
LOAD ./Drivers/STM32F1xx_HAL_Driver/Src/stm32f1xx_hal_rcc_ex.o
LOAD ./Drivers/STM32F1xx_HAL_Driver/Src/stm32f1xx_hal_tim.o
LOAD ./Drivers/STM32F1xx_HAL_Driver/Src/stm32f1xx_hal_tim_ex.o
LOAD ./Drivers/STM32F1xx_HAL_Driver/Src/stm32f1xx_hal_uart.o
START GROUP
LOAD c:/st/stm32cubeide_1.8.0/stm32cubeide/plugins/com.st.stm32cube.ide.mcu.externaltools.gnu-tools-for-stm32.10.3-2021.10.win32_1.0.0.202111181127/tools/bin/../lib/gcc/arm-none-eabi/10.3.1/../../../../arm-none-eabi/lib/thumb/v7-m/nofp\libc_nano.a
LOAD c:/st/stm32cubeide_1.8.0/stm32cubeide/plugins/com.st.stm32cube.ide.mcu.externaltools.gnu-tools-for-stm32.10.3-2021.10.win32_1.0.0.202111181127/tools/bin/../lib/gcc/arm-none-eabi/10.3.1/../../../../arm-none-eabi/lib/thumb/v7-m/nofp\libm.a
END GROUP
START GROUP
LOAD c:/st/stm32cubeide_1.8.0/stm32cubeide/plugins/com.st.stm32cube.ide.mcu.externaltools.gnu-tools-for-stm32.10.3-2021.10.win32_1.0.0.202111181127/tools/bin/../lib/gcc/arm-none-eabi/10.3.1/thumb/v7-m/nofp\libgcc.a
LOAD c:/st/stm32cubeide_1.8.0/stm32cubeide/plugins/com.st.stm32cube.ide.mcu.externaltools.gnu-tools-for-stm32.10.3-2021.10.win32_1.0.0.202111181127/tools/bin/../lib/gcc/arm-none-eabi/10.3.1/../../../../arm-none-eabi/lib/thumb/v7-m/nofp\libc_nano.a
END GROUP
START GROUP
LOAD c:/st/stm32cubeide_1.8.0/stm32cubeide/plugins/com.st.stm32cube.ide.mcu.externaltools.gnu-tools-for-stm32.10.3-2021.10.win32_1.0.0.202111181127/tools/bin/../lib/gcc/arm-none-eabi/10.3.1/thumb/v7-m/nofp\libgcc.a
LOAD c:/st/stm32cubeide_1.8.0/stm32cubeide/plugins/com.st.stm32cube.ide.mcu.externaltools.gnu-tools-for-stm32.10.3-2021.10.win32_1.0.0.202111181127/tools/bin/../lib/gcc/arm-none-eabi/10.3.1/../../../../arm-none-eabi/lib/thumb/v7-m/nofp\libc_nano.a
LOAD c:/st/stm32cubeide_1.8.0/stm32cubeide/plugins/com.st.stm32cube.ide.mcu.externaltools.gnu-tools-for-stm32.10.3-2021.10.win32_1.0.0.202111181127/tools/bin/../lib/gcc/arm-none-eabi/10.3.1/../../../../arm-none-eabi/lib/thumb/v7-m/nofp\libnosys.a
END GROUP
START GROUP
LOAD c:/st/stm32cubeide_1.8.0/stm32cubeide/plugins/com.st.stm32cube.ide.mcu.externaltools.gnu-tools-for-stm32.10.3-2021.10.win32_1.0.0.202111181127/tools/bin/../lib/gcc/arm-none-eabi/10.3.1/thumb/v7-m/nofp\libgcc.a
LOAD c:/st/stm32cubeide_1.8.0/stm32cubeide/plugins/com.st.stm32cube.ide.mcu.externaltools.gnu-tools-for-stm32.10.3-2021.10.win32_1.0.0.202111181127/tools/bin/../lib/gcc/arm-none-eabi/10.3.1/../../../../arm-none-eabi/lib/thumb/v7-m/nofp\libc_nano.a
LOAD c:/st/stm32cubeide_1.8.0/stm32cubeide/plugins/com.st.stm32cube.ide.mcu.externaltools.gnu-tools-for-stm32.10.3-2021.10.win32_1.0.0.202111181127/tools/bin/../lib/gcc/arm-none-eabi/10.3.1/../../../../arm-none-eabi/lib/thumb/v7-m/nofp\libnosys.a
END GROUP
LOAD c:/st/stm32cubeide_1.8.0/stm32cubeide/plugins/com.st.stm32cube.ide.mcu.externaltools.gnu-tools-for-stm32.10.3-2021.10.win32_1.0.0.202111181127/tools/bin/../lib/gcc/arm-none-eabi/10.3.1/thumb/v7-m/nofp/crtend.o
LOAD c:/st/stm32cubeide_1.8.0/stm32cubeide/plugins/com.st.stm32cube.ide.mcu.externaltools.gnu-tools-for-stm32.10.3-2021.10.win32_1.0.0.202111181127/tools/bin/../lib/gcc/arm-none-eabi/10.3.1/thumb/v7-m/nofp/crtn.o
                0x0000000020002800                _estack = (ORIGIN (RAM) + LENGTH (RAM))
                0x0000000000000200                _Min_Heap_Size = 0x200
                0x0000000000000400                _Min_Stack_Size = 0x400

.isr_vector     0x0000000008000000      0x10c
                0x0000000008000000                . = ALIGN (0x4)
 *(.isr_vector)
 .isr_vector    0x0000000008000000      0x10c ./Core/Startup/startup_stm32f103c6tx.o
                0x0000000008000000                g_pfnVectors
                0x000000000800010c                . = ALIGN (0x4)

.text           0x000000000800010c     0x3458
                0x000000000800010c                . = ALIGN (0x4)
 *(.text)
 .text          0x000000000800010c       0x40 c:/st/stm32cubeide_1.8.0/stm32cubeide/plugins/com.st.stm32cube.ide.mcu.externaltools.gnu-tools-for-stm32.10.3-2021.10.win32_1.0.0.202111181127/tools/bin/../lib/gcc/arm-none-eabi/10.3.1/thumb/v7-m/nofp/crtbegin.o
 *(.text*)
 .text.backplate_init
                0x000000000800014c       0x10 ./Core/Src/backplate.o
                0x000000000800014c                backplate_init
 .text.backplate_loop
                0x000000000800015c       0x10 ./Core/Src/backplate.o
                0x000000000800015c                backplate_loop
 .text.IsChecksum8bCorrect
                0x000000000800016c       0x58 ./Core/Src/checksum.o
                0x000000000800016c                IsChecksum8bCorrect
 .text.parse_velocity_package
                0x00000000080001c4       0x4c ./Core/Src/communication.o
                0x00000000080001c4                parse_velocity_package
 .text.init_comm
                0x0000000008000210       0x28 ./Core/Src/communication.o
                0x0000000008000210                init_comm
 .text.HAL_UART_ErrorCallback
                0x0000000008000238       0x3c ./Core/Src/communication.o
                0x0000000008000238                HAL_UART_ErrorCallback
 .text.update_com
                0x0000000008000274       0x3c ./Core/Src/communication.o
                0x0000000008000274                update_com
 .text.HAL_UART_RxCpltCallback
                0x00000000080002b0       0x1c ./Core/Src/communication.o
                0x00000000080002b0                HAL_UART_RxCpltCallback
 .text.main     0x00000000080002cc       0x2e ./Core/Src/main.o
                0x00000000080002cc                main
 .text.SystemClock_Config
                0x00000000080002fa       0x80 ./Core/Src/main.o
                0x00000000080002fa                SystemClock_Config
 *fill*         0x000000000800037a        0x2 
 .text.MX_I2C1_Init
                0x000000000800037c       0x5c ./Core/Src/main.o
 .text.MX_TIM1_Init
                0x00000000080003d8      0x150 ./Core/Src/main.o
 .text.MX_TIM2_Init
                0x0000000008000528       0xf4 ./Core/Src/main.o
 .text.MX_USART1_UART_Init
                0x000000000800061c       0x54 ./Core/Src/main.o
 .text.MX_DMA_Init
                0x0000000008000670       0x4c ./Core/Src/main.o
 .text.MX_GPIO_Init
                0x00000000080006bc       0x7c ./Core/Src/main.o
 .text.Error_Handler
                0x0000000008000738        0xa ./Core/Src/main.o
                0x0000000008000738                Error_Handler
 *fill*         0x0000000008000742        0x2 
 .text.HAL_MspInit
                0x0000000008000744       0x64 ./Core/Src/stm32f1xx_hal_msp.o
                0x0000000008000744                HAL_MspInit
 .text.HAL_I2C_MspInit
                0x00000000080007a8       0xa0 ./Core/Src/stm32f1xx_hal_msp.o
                0x00000000080007a8                HAL_I2C_MspInit
 .text.HAL_TIM_PWM_MspInit
                0x0000000008000848       0x60 ./Core/Src/stm32f1xx_hal_msp.o
                0x0000000008000848                HAL_TIM_PWM_MspInit
 .text.HAL_TIM_MspPostInit
                0x00000000080008a8       0xa4 ./Core/Src/stm32f1xx_hal_msp.o
                0x00000000080008a8                HAL_TIM_MspPostInit
 .text.HAL_UART_MspInit
                0x000000000800094c      0x160 ./Core/Src/stm32f1xx_hal_msp.o
                0x000000000800094c                HAL_UART_MspInit
 .text.HAL_UART_MspDeInit
                0x0000000008000aac       0x50 ./Core/Src/stm32f1xx_hal_msp.o
                0x0000000008000aac                HAL_UART_MspDeInit
 .text.NMI_Handler
                0x0000000008000afc        0x6 ./Core/Src/stm32f1xx_it.o
                0x0000000008000afc                NMI_Handler
 .text.HardFault_Handler
                0x0000000008000b02        0x6 ./Core/Src/stm32f1xx_it.o
                0x0000000008000b02                HardFault_Handler
 .text.MemManage_Handler
                0x0000000008000b08        0x6 ./Core/Src/stm32f1xx_it.o
                0x0000000008000b08                MemManage_Handler
 .text.BusFault_Handler
                0x0000000008000b0e        0x6 ./Core/Src/stm32f1xx_it.o
                0x0000000008000b0e                BusFault_Handler
 .text.UsageFault_Handler
                0x0000000008000b14        0x6 ./Core/Src/stm32f1xx_it.o
                0x0000000008000b14                UsageFault_Handler
 .text.SVC_Handler
                0x0000000008000b1a        0xc ./Core/Src/stm32f1xx_it.o
                0x0000000008000b1a                SVC_Handler
 .text.DebugMon_Handler
                0x0000000008000b26        0xc ./Core/Src/stm32f1xx_it.o
                0x0000000008000b26                DebugMon_Handler
 .text.PendSV_Handler
                0x0000000008000b32        0xc ./Core/Src/stm32f1xx_it.o
                0x0000000008000b32                PendSV_Handler
 .text.SysTick_Handler
                0x0000000008000b3e        0xc ./Core/Src/stm32f1xx_it.o
                0x0000000008000b3e                SysTick_Handler
 *fill*         0x0000000008000b4a        0x2 
 .text.DMA1_Channel4_IRQHandler
                0x0000000008000b4c       0x14 ./Core/Src/stm32f1xx_it.o
                0x0000000008000b4c                DMA1_Channel4_IRQHandler
 .text.DMA1_Channel5_IRQHandler
                0x0000000008000b60       0x14 ./Core/Src/stm32f1xx_it.o
                0x0000000008000b60                DMA1_Channel5_IRQHandler
 .text.SystemInit
                0x0000000008000b74        0xc ./Core/Src/system_stm32f1xx.o
                0x0000000008000b74                SystemInit
 .text.search_thruster_by_address
                0x0000000008000b80       0x40 ./Core/Src/thrusters.o
                0x0000000008000b80                search_thruster_by_address
 .text.set_thruster_velocity
                0x0000000008000bc0       0x44 ./Core/Src/thrusters.o
                0x0000000008000bc0                set_thruster_velocity
 .text.thrusters_update
                0x0000000008000c04      0x10c ./Core/Src/thrusters.o
                0x0000000008000c04                thrusters_update
 .text.init_thrusters_data
                0x0000000008000d10      0x12c ./Core/Src/thrusters.o
                0x0000000008000d10                init_thrusters_data
 .text.init_thrusters
                0x0000000008000e3c       0x58 ./Core/Src/thrusters.o
                0x0000000008000e3c                init_thrusters
 .text.Reset_Handler
                0x0000000008000e94       0x48 ./Core/Startup/startup_stm32f103c6tx.o
                0x0000000008000e94                Reset_Handler
 .text.Default_Handler
                0x0000000008000edc        0x2 ./Core/Startup/startup_stm32f103c6tx.o
                0x0000000008000edc                RTC_Alarm_IRQHandler
                0x0000000008000edc                EXTI2_IRQHandler
                0x0000000008000edc                TIM1_CC_IRQHandler
                0x0000000008000edc                PVD_IRQHandler
                0x0000000008000edc                EXTI3_IRQHandler
                0x0000000008000edc                EXTI0_IRQHandler
                0x0000000008000edc                ADC1_2_IRQHandler
                0x0000000008000edc                SPI1_IRQHandler
                0x0000000008000edc                TAMPER_IRQHandler
                0x0000000008000edc                RTC_IRQHandler
                0x0000000008000edc                DMA1_Channel7_IRQHandler
                0x0000000008000edc                CAN1_RX1_IRQHandler
                0x0000000008000edc                I2C1_EV_IRQHandler
                0x0000000008000edc                DMA1_Channel6_IRQHandler
                0x0000000008000edc                TIM3_IRQHandler
                0x0000000008000edc                RCC_IRQHandler
                0x0000000008000edc                TIM1_TRG_COM_IRQHandler
                0x0000000008000edc                DMA1_Channel1_IRQHandler
                0x0000000008000edc                Default_Handler
                0x0000000008000edc                EXTI15_10_IRQHandler
                0x0000000008000edc                EXTI9_5_IRQHandler
                0x0000000008000edc                EXTI4_IRQHandler
                0x0000000008000edc                USB_LP_CAN1_RX0_IRQHandler
                0x0000000008000edc                USB_HP_CAN1_TX_IRQHandler
                0x0000000008000edc                DMA1_Channel3_IRQHandler
                0x0000000008000edc                TIM1_UP_IRQHandler
                0x0000000008000edc                WWDG_IRQHandler
                0x0000000008000edc                TIM2_IRQHandler
                0x0000000008000edc                TIM1_BRK_IRQHandler
                0x0000000008000edc                EXTI1_IRQHandler
                0x0000000008000edc                USART2_IRQHandler
                0x0000000008000edc                DMA1_Channel2_IRQHandler
                0x0000000008000edc                CAN1_SCE_IRQHandler
                0x0000000008000edc                FLASH_IRQHandler
                0x0000000008000edc                USART1_IRQHandler
                0x0000000008000edc                I2C1_ER_IRQHandler
                0x0000000008000edc                USBWakeUp_IRQHandler
 *fill*         0x0000000008000ede        0x2 
 .text.HAL_Init
                0x0000000008000ee0       0x2c ./Drivers/STM32F1xx_HAL_Driver/Src/stm32f1xx_hal.o
                0x0000000008000ee0                HAL_Init
 .text.HAL_InitTick
                0x0000000008000f0c       0x60 ./Drivers/STM32F1xx_HAL_Driver/Src/stm32f1xx_hal.o
                0x0000000008000f0c                HAL_InitTick
 .text.HAL_IncTick
                0x0000000008000f6c       0x24 ./Drivers/STM32F1xx_HAL_Driver/Src/stm32f1xx_hal.o
                0x0000000008000f6c                HAL_IncTick
 .text.HAL_GetTick
                0x0000000008000f90       0x14 ./Drivers/STM32F1xx_HAL_Driver/Src/stm32f1xx_hal.o
                0x0000000008000f90                HAL_GetTick
 .text.__NVIC_SetPriorityGrouping
                0x0000000008000fa4       0x48 ./Drivers/STM32F1xx_HAL_Driver/Src/stm32f1xx_hal_cortex.o
 .text.__NVIC_GetPriorityGrouping
                0x0000000008000fec       0x1c ./Drivers/STM32F1xx_HAL_Driver/Src/stm32f1xx_hal_cortex.o
 .text.__NVIC_EnableIRQ
                0x0000000008001008       0x38 ./Drivers/STM32F1xx_HAL_Driver/Src/stm32f1xx_hal_cortex.o
 .text.__NVIC_SetPriority
                0x0000000008001040       0x54 ./Drivers/STM32F1xx_HAL_Driver/Src/stm32f1xx_hal_cortex.o
 .text.NVIC_EncodePriority
                0x0000000008001094       0x64 ./Drivers/STM32F1xx_HAL_Driver/Src/stm32f1xx_hal_cortex.o
 .text.SysTick_Config
                0x00000000080010f8       0x44 ./Drivers/STM32F1xx_HAL_Driver/Src/stm32f1xx_hal_cortex.o
 .text.HAL_NVIC_SetPriorityGrouping
                0x000000000800113c       0x16 ./Drivers/STM32F1xx_HAL_Driver/Src/stm32f1xx_hal_cortex.o
                0x000000000800113c                HAL_NVIC_SetPriorityGrouping
 .text.HAL_NVIC_SetPriority
                0x0000000008001152       0x38 ./Drivers/STM32F1xx_HAL_Driver/Src/stm32f1xx_hal_cortex.o
                0x0000000008001152                HAL_NVIC_SetPriority
 .text.HAL_NVIC_EnableIRQ
                0x000000000800118a       0x1c ./Drivers/STM32F1xx_HAL_Driver/Src/stm32f1xx_hal_cortex.o
                0x000000000800118a                HAL_NVIC_EnableIRQ
 .text.HAL_SYSTICK_Config
                0x00000000080011a6       0x18 ./Drivers/STM32F1xx_HAL_Driver/Src/stm32f1xx_hal_cortex.o
                0x00000000080011a6                HAL_SYSTICK_Config
 *fill*         0x00000000080011be        0x2 
 .text.HAL_DMA_Init
                0x00000000080011c0       0xb4 ./Drivers/STM32F1xx_HAL_Driver/Src/stm32f1xx_hal_dma.o
                0x00000000080011c0                HAL_DMA_Init
 .text.HAL_DMA_DeInit
                0x0000000008001274       0xb8 ./Drivers/STM32F1xx_HAL_Driver/Src/stm32f1xx_hal_dma.o
                0x0000000008001274                HAL_DMA_DeInit
 .text.HAL_DMA_Start_IT
                0x000000000800132c       0xbe ./Drivers/STM32F1xx_HAL_Driver/Src/stm32f1xx_hal_dma.o
                0x000000000800132c                HAL_DMA_Start_IT
 *fill*         0x00000000080013ea        0x2 
 .text.HAL_DMA_IRQHandler
                0x00000000080013ec      0x20c ./Drivers/STM32F1xx_HAL_Driver/Src/stm32f1xx_hal_dma.o
                0x00000000080013ec                HAL_DMA_IRQHandler
 .text.DMA_SetConfig
                0x00000000080015f8       0x5a ./Drivers/STM32F1xx_HAL_Driver/Src/stm32f1xx_hal_dma.o
 *fill*         0x0000000008001652        0x2 
 .text.HAL_GPIO_Init
                0x0000000008001654      0x2f8 ./Drivers/STM32F1xx_HAL_Driver/Src/stm32f1xx_hal_gpio.o
                0x0000000008001654                HAL_GPIO_Init
 .text.HAL_GPIO_DeInit
                0x000000000800194c      0x168 ./Drivers/STM32F1xx_HAL_Driver/Src/stm32f1xx_hal_gpio.o
                0x000000000800194c                HAL_GPIO_DeInit
 .text.HAL_GPIO_WritePin
                0x0000000008001ab4       0x30 ./Drivers/STM32F1xx_HAL_Driver/Src/stm32f1xx_hal_gpio.o
                0x0000000008001ab4                HAL_GPIO_WritePin
 .text.HAL_I2C_Init
                0x0000000008001ae4      0x288 ./Drivers/STM32F1xx_HAL_Driver/Src/stm32f1xx_hal_i2c.o
                0x0000000008001ae4                HAL_I2C_Init
 .text.HAL_RCC_OscConfig
                0x0000000008001d6c      0x504 ./Drivers/STM32F1xx_HAL_Driver/Src/stm32f1xx_hal_rcc.o
                0x0000000008001d6c                HAL_RCC_OscConfig
 .text.HAL_RCC_ClockConfig
                0x0000000008002270      0x1d4 ./Drivers/STM32F1xx_HAL_Driver/Src/stm32f1xx_hal_rcc.o
                0x0000000008002270                HAL_RCC_ClockConfig
 .text.HAL_RCC_GetSysClockFreq
                0x0000000008002444       0xbc ./Drivers/STM32F1xx_HAL_Driver/Src/stm32f1xx_hal_rcc.o
                0x0000000008002444                HAL_RCC_GetSysClockFreq
 .text.HAL_RCC_GetHCLKFreq
                0x0000000008002500       0x14 ./Drivers/STM32F1xx_HAL_Driver/Src/stm32f1xx_hal_rcc.o
                0x0000000008002500                HAL_RCC_GetHCLKFreq
 .text.HAL_RCC_GetPCLK1Freq
                0x0000000008002514       0x28 ./Drivers/STM32F1xx_HAL_Driver/Src/stm32f1xx_hal_rcc.o
                0x0000000008002514                HAL_RCC_GetPCLK1Freq
 .text.HAL_RCC_GetPCLK2Freq
                0x000000000800253c       0x28 ./Drivers/STM32F1xx_HAL_Driver/Src/stm32f1xx_hal_rcc.o
                0x000000000800253c                HAL_RCC_GetPCLK2Freq
 .text.RCC_Delay
                0x0000000008002564       0x3c ./Drivers/STM32F1xx_HAL_Driver/Src/stm32f1xx_hal_rcc.o
 .text.HAL_TIM_PWM_Init
                0x00000000080025a0       0x9e ./Drivers/STM32F1xx_HAL_Driver/Src/stm32f1xx_hal_tim.o
                0x00000000080025a0                HAL_TIM_PWM_Init
 *fill*         0x000000000800263e        0x2 
 .text.HAL_TIM_PWM_Start_IT
                0x0000000008002640      0x1c4 ./Drivers/STM32F1xx_HAL_Driver/Src/stm32f1xx_hal_tim.o
                0x0000000008002640                HAL_TIM_PWM_Start_IT
 .text.HAL_TIM_PWM_ConfigChannel
                0x0000000008002804      0x17c ./Drivers/STM32F1xx_HAL_Driver/Src/stm32f1xx_hal_tim.o
                0x0000000008002804                HAL_TIM_PWM_ConfigChannel
 .text.TIM_Base_SetConfig
                0x0000000008002980       0xb0 ./Drivers/STM32F1xx_HAL_Driver/Src/stm32f1xx_hal_tim.o
                0x0000000008002980                TIM_Base_SetConfig
 .text.TIM_OC1_SetConfig
                0x0000000008002a30       0xcc ./Drivers/STM32F1xx_HAL_Driver/Src/stm32f1xx_hal_tim.o
 .text.TIM_OC2_SetConfig
                0x0000000008002afc       0xd4 ./Drivers/STM32F1xx_HAL_Driver/Src/stm32f1xx_hal_tim.o
                0x0000000008002afc                TIM_OC2_SetConfig
 .text.TIM_OC3_SetConfig
                0x0000000008002bd0       0xd4 ./Drivers/STM32F1xx_HAL_Driver/Src/stm32f1xx_hal_tim.o
 .text.TIM_OC4_SetConfig
                0x0000000008002ca4       0x9c ./Drivers/STM32F1xx_HAL_Driver/Src/stm32f1xx_hal_tim.o
 .text.TIM_CCxChannelCmd
                0x0000000008002d40       0x48 ./Drivers/STM32F1xx_HAL_Driver/Src/stm32f1xx_hal_tim.o
                0x0000000008002d40                TIM_CCxChannelCmd
 .text.HAL_TIMEx_MasterConfigSynchronization
                0x0000000008002d88       0xb0 ./Drivers/STM32F1xx_HAL_Driver/Src/stm32f1xx_hal_tim_ex.o
                0x0000000008002d88                HAL_TIMEx_MasterConfigSynchronization
 .text.HAL_TIMEx_ConfigBreakDeadTime
                0x0000000008002e38       0xa2 ./Drivers/STM32F1xx_HAL_Driver/Src/stm32f1xx_hal_tim_ex.o
                0x0000000008002e38                HAL_TIMEx_ConfigBreakDeadTime
 .text.HAL_UART_Init
                0x0000000008002eda       0x9a ./Drivers/STM32F1xx_HAL_Driver/Src/stm32f1xx_hal_uart.o
                0x0000000008002eda                HAL_UART_Init
 .text.HAL_UART_DeInit
                0x0000000008002f74       0x5e ./Drivers/STM32F1xx_HAL_Driver/Src/stm32f1xx_hal_uart.o
                0x0000000008002f74                HAL_UART_DeInit
 .text.HAL_UART_Receive_IT
                0x0000000008002fd2       0x60 ./Drivers/STM32F1xx_HAL_Driver/Src/stm32f1xx_hal_uart.o
                0x0000000008002fd2                HAL_UART_Receive_IT
 .text.HAL_UART_Receive_DMA
                0x0000000008003032       0x60 ./Drivers/STM32F1xx_HAL_Driver/Src/stm32f1xx_hal_uart.o
                0x0000000008003032                HAL_UART_Receive_DMA
 .text.HAL_UART_RxHalfCpltCallback
                0x0000000008003092       0x12 ./Drivers/STM32F1xx_HAL_Driver/Src/stm32f1xx_hal_uart.o
                0x0000000008003092                HAL_UART_RxHalfCpltCallback
 .text.HAL_UARTEx_RxEventCallback
                0x00000000080030a4       0x16 ./Drivers/STM32F1xx_HAL_Driver/Src/stm32f1xx_hal_uart.o
                0x00000000080030a4                HAL_UARTEx_RxEventCallback
 .text.UART_DMAReceiveCplt
                0x00000000080030ba       0x96 ./Drivers/STM32F1xx_HAL_Driver/Src/stm32f1xx_hal_uart.o
 .text.UART_DMARxHalfCplt
                0x0000000008003150       0x36 ./Drivers/STM32F1xx_HAL_Driver/Src/stm32f1xx_hal_uart.o
 .text.UART_DMAError
                0x0000000008003186       0x94 ./Drivers/STM32F1xx_HAL_Driver/Src/stm32f1xx_hal_uart.o
 .text.UART_Start_Receive_IT
                0x000000000800321a       0x72 ./Drivers/STM32F1xx_HAL_Driver/Src/stm32f1xx_hal_uart.o
                0x000000000800321a                UART_Start_Receive_IT
 .text.UART_Start_Receive_DMA
                0x000000000800328c       0xc8 ./Drivers/STM32F1xx_HAL_Driver/Src/stm32f1xx_hal_uart.o
                0x000000000800328c                UART_Start_Receive_DMA
 .text.UART_EndTxTransfer
                0x0000000008003354       0x2a ./Drivers/STM32F1xx_HAL_Driver/Src/stm32f1xx_hal_uart.o
 .text.UART_EndRxTransfer
                0x000000000800337e       0x58 ./Drivers/STM32F1xx_HAL_Driver/Src/stm32f1xx_hal_uart.o
 *fill*         0x00000000080033d6        0x2 
 .text.UART_SetConfig
                0x00000000080033d8      0x11c ./Drivers/STM32F1xx_HAL_Driver/Src/stm32f1xx_hal_uart.o
 .text.__libc_init_array
                0x00000000080034f4       0x48 c:/st/stm32cubeide_1.8.0/stm32cubeide/plugins/com.st.stm32cube.ide.mcu.externaltools.gnu-tools-for-stm32.10.3-2021.10.win32_1.0.0.202111181127/tools/bin/../lib/gcc/arm-none-eabi/10.3.1/../../../../arm-none-eabi/lib/thumb/v7-m/nofp\libc_nano.a(lib_a-init.o)
                0x00000000080034f4                __libc_init_array
 .text.memset   0x000000000800353c       0x10 c:/st/stm32cubeide_1.8.0/stm32cubeide/plugins/com.st.stm32cube.ide.mcu.externaltools.gnu-tools-for-stm32.10.3-2021.10.win32_1.0.0.202111181127/tools/bin/../lib/gcc/arm-none-eabi/10.3.1/../../../../arm-none-eabi/lib/thumb/v7-m/nofp\libc_nano.a(lib_a-memset.o)
                0x000000000800353c                memset
 *(.glue_7)
 .glue_7        0x000000000800354c        0x0 linker stubs
 *(.glue_7t)
 .glue_7t       0x000000000800354c        0x0 linker stubs
 *(.eh_frame)
 .eh_frame      0x000000000800354c        0x0 c:/st/stm32cubeide_1.8.0/stm32cubeide/plugins/com.st.stm32cube.ide.mcu.externaltools.gnu-tools-for-stm32.10.3-2021.10.win32_1.0.0.202111181127/tools/bin/../lib/gcc/arm-none-eabi/10.3.1/thumb/v7-m/nofp/crtbegin.o
 *(.init)
 .init          0x000000000800354c        0x4 c:/st/stm32cubeide_1.8.0/stm32cubeide/plugins/com.st.stm32cube.ide.mcu.externaltools.gnu-tools-for-stm32.10.3-2021.10.win32_1.0.0.202111181127/tools/bin/../lib/gcc/arm-none-eabi/10.3.1/thumb/v7-m/nofp/crti.o
                0x000000000800354c                _init
 .init          0x0000000008003550        0x8 c:/st/stm32cubeide_1.8.0/stm32cubeide/plugins/com.st.stm32cube.ide.mcu.externaltools.gnu-tools-for-stm32.10.3-2021.10.win32_1.0.0.202111181127/tools/bin/../lib/gcc/arm-none-eabi/10.3.1/thumb/v7-m/nofp/crtn.o
 *(.fini)
 .fini          0x0000000008003558        0x4 c:/st/stm32cubeide_1.8.0/stm32cubeide/plugins/com.st.stm32cube.ide.mcu.externaltools.gnu-tools-for-stm32.10.3-2021.10.win32_1.0.0.202111181127/tools/bin/../lib/gcc/arm-none-eabi/10.3.1/thumb/v7-m/nofp/crti.o
                0x0000000008003558                _fini
 .fini          0x000000000800355c        0x8 c:/st/stm32cubeide_1.8.0/stm32cubeide/plugins/com.st.stm32cube.ide.mcu.externaltools.gnu-tools-for-stm32.10.3-2021.10.win32_1.0.0.202111181127/tools/bin/../lib/gcc/arm-none-eabi/10.3.1/thumb/v7-m/nofp/crtn.o
                0x0000000008003564                . = ALIGN (0x4)
                0x0000000008003564                _etext = .

.vfp11_veneer   0x0000000008003564        0x0
 .vfp11_veneer  0x0000000008003564        0x0 linker stubs

.v4_bx          0x0000000008003564        0x0
 .v4_bx         0x0000000008003564        0x0 linker stubs

.iplt           0x0000000008003564        0x0
 .iplt          0x0000000008003564        0x0 c:/st/stm32cubeide_1.8.0/stm32cubeide/plugins/com.st.stm32cube.ide.mcu.externaltools.gnu-tools-for-stm32.10.3-2021.10.win32_1.0.0.202111181127/tools/bin/../lib/gcc/arm-none-eabi/10.3.1/thumb/v7-m/nofp/crtbegin.o

.rodata         0x0000000008003564       0x28
                0x0000000008003564                . = ALIGN (0x4)
 *(.rodata)
 .rodata        0x0000000008003564       0x10 ./Drivers/STM32F1xx_HAL_Driver/Src/stm32f1xx_hal_rcc.o
 *(.rodata*)
 .rodata.AHBPrescTable
                0x0000000008003574       0x10 ./Core/Src/system_stm32f1xx.o
                0x0000000008003574                AHBPrescTable
 .rodata.APBPrescTable
                0x0000000008003584        0x8 ./Core/Src/system_stm32f1xx.o
                0x0000000008003584                APBPrescTable
                0x000000000800358c                . = ALIGN (0x4)

.rel.dyn        0x000000000800358c        0x0
 .rel.iplt      0x000000000800358c        0x0 c:/st/stm32cubeide_1.8.0/stm32cubeide/plugins/com.st.stm32cube.ide.mcu.externaltools.gnu-tools-for-stm32.10.3-2021.10.win32_1.0.0.202111181127/tools/bin/../lib/gcc/arm-none-eabi/10.3.1/thumb/v7-m/nofp/crtbegin.o

.ARM.extab      0x000000000800358c        0x0
                0x000000000800358c                . = ALIGN (0x4)
 *(.ARM.extab* .gnu.linkonce.armextab.*)
                0x000000000800358c                . = ALIGN (0x4)

.ARM            0x000000000800358c        0x0
                0x000000000800358c                . = ALIGN (0x4)
                0x000000000800358c                __exidx_start = .
 *(.ARM.exidx*)
                0x000000000800358c                __exidx_end = .
                0x000000000800358c                . = ALIGN (0x4)

.preinit_array  0x000000000800358c        0x0
                0x000000000800358c                . = ALIGN (0x4)
                0x000000000800358c                PROVIDE (__preinit_array_start = .)
 *(.preinit_array*)
                0x000000000800358c                PROVIDE (__preinit_array_end = .)
                0x000000000800358c                . = ALIGN (0x4)

.init_array     0x000000000800358c        0x4
                0x000000000800358c                . = ALIGN (0x4)
                0x000000000800358c                PROVIDE (__init_array_start = .)
 *(SORT_BY_NAME(.init_array.*))
 *(.init_array*)
 .init_array    0x000000000800358c        0x4 c:/st/stm32cubeide_1.8.0/stm32cubeide/plugins/com.st.stm32cube.ide.mcu.externaltools.gnu-tools-for-stm32.10.3-2021.10.win32_1.0.0.202111181127/tools/bin/../lib/gcc/arm-none-eabi/10.3.1/thumb/v7-m/nofp/crtbegin.o
                0x0000000008003590                PROVIDE (__init_array_end = .)
                0x0000000008003590                . = ALIGN (0x4)

.fini_array     0x0000000008003590        0x4
                0x0000000008003590                . = ALIGN (0x4)
                [!provide]                        PROVIDE (__fini_array_start = .)
 *(SORT_BY_NAME(.fini_array.*))
 *(.fini_array*)
 .fini_array    0x0000000008003590        0x4 c:/st/stm32cubeide_1.8.0/stm32cubeide/plugins/com.st.stm32cube.ide.mcu.externaltools.gnu-tools-for-stm32.10.3-2021.10.win32_1.0.0.202111181127/tools/bin/../lib/gcc/arm-none-eabi/10.3.1/thumb/v7-m/nofp/crtbegin.o
                [!provide]                        PROVIDE (__fini_array_end = .)
                0x0000000008003594                . = ALIGN (0x4)
                0x0000000008003594                _sidata = LOADADDR (.data)

.data           0x0000000020000000        0xc load address 0x0000000008003594
                0x0000000020000000                . = ALIGN (0x4)
                0x0000000020000000                _sdata = .
 *(.data)
 *(.data*)
 .data.SystemCoreClock
                0x0000000020000000        0x4 ./Core/Src/system_stm32f1xx.o
                0x0000000020000000                SystemCoreClock
 .data.uwTickPrio
                0x0000000020000004        0x4 ./Drivers/STM32F1xx_HAL_Driver/Src/stm32f1xx_hal.o
                0x0000000020000004                uwTickPrio
 .data.uwTickFreq
                0x0000000020000008        0x1 ./Drivers/STM32F1xx_HAL_Driver/Src/stm32f1xx_hal.o
                0x0000000020000008                uwTickFreq
 *(.RamFunc)
 *(.RamFunc*)
                0x000000002000000c                . = ALIGN (0x4)
 *fill*         0x0000000020000009        0x3 
                0x000000002000000c                _edata = .

.igot.plt       0x000000002000000c        0x0 load address 0x00000000080035a0
 .igot.plt      0x000000002000000c        0x0 c:/st/stm32cubeide_1.8.0/stm32cubeide/plugins/com.st.stm32cube.ide.mcu.externaltools.gnu-tools-for-stm32.10.3-2021.10.win32_1.0.0.202111181127/tools/bin/../lib/gcc/arm-none-eabi/10.3.1/thumb/v7-m/nofp/crtbegin.o
                0x000000002000000c                . = ALIGN (0x4)

.bss            0x000000002000000c      0x260 load address 0x00000000080035a0
                0x000000002000000c                _sbss = .
                0x000000002000000c                __bss_start__ = _sbss
 *(.bss)
 .bss           0x000000002000000c       0x1c c:/st/stm32cubeide_1.8.0/stm32cubeide/plugins/com.st.stm32cube.ide.mcu.externaltools.gnu-tools-for-stm32.10.3-2021.10.win32_1.0.0.202111181127/tools/bin/../lib/gcc/arm-none-eabi/10.3.1/thumb/v7-m/nofp/crtbegin.o
 *(.bss*)
 .bss.message_buff
                0x0000000020000028        0xd ./Core/Src/communication.o
 .bss.frameready
                0x0000000020000035        0x1 ./Core/Src/communication.o
                0x0000000020000035                frameready
 *fill*         0x0000000020000036        0x2 
 .bss.hi2c1     0x0000000020000038       0x54 ./Core/Src/main.o
                0x0000000020000038                hi2c1
 .bss.htim1     0x000000002000008c       0x48 ./Core/Src/main.o
                0x000000002000008c                htim1
 .bss.htim2     0x00000000200000d4       0x48 ./Core/Src/main.o
                0x00000000200000d4                htim2
 .bss.huart1    0x000000002000011c       0x44 ./Core/Src/main.o
                0x000000002000011c                huart1
 .bss.hdma_usart1_rx
                0x0000000020000160       0x44 ./Core/Src/main.o
                0x0000000020000160                hdma_usart1_rx
 .bss.hdma_usart1_tx
                0x00000000200001a4       0x44 ./Core/Src/main.o
                0x00000000200001a4                hdma_usart1_tx
 .bss.thrusters
                0x00000000200001e8       0x80 ./Core/Src/thrusters.o
                0x00000000200001e8                thrusters
 .bss.uwTick    0x0000000020000268        0x4 ./Drivers/STM32F1xx_HAL_Driver/Src/stm32f1xx_hal.o
                0x0000000020000268                uwTick
 *(COMMON)
                0x000000002000026c                . = ALIGN (0x4)
                0x000000002000026c                _ebss = .
                0x000000002000026c                __bss_end__ = _ebss

._user_heap_stack
                0x000000002000026c      0x604 load address 0x00000000080035a0
                0x0000000020000270                . = ALIGN (0x8)
 *fill*         0x000000002000026c        0x4 
                [!provide]                        PROVIDE (end = .)
                0x0000000020000270                PROVIDE (_end = .)
                0x0000000020000470                . = (. + _Min_Heap_Size)
 *fill*         0x0000000020000270      0x200 
                0x0000000020000870                . = (. + _Min_Stack_Size)
 *fill*         0x0000000020000470      0x400 
                0x0000000020000870                . = ALIGN (0x8)

/DISCARD/
 libc.a(*)
 libm.a(*)
 libgcc.a(*)

.ARM.attributes
                0x0000000000000000       0x29
 *(.ARM.attributes)
 .ARM.attributes
                0x0000000000000000       0x1d c:/st/stm32cubeide_1.8.0/stm32cubeide/plugins/com.st.stm32cube.ide.mcu.externaltools.gnu-tools-for-stm32.10.3-2021.10.win32_1.0.0.202111181127/tools/bin/../lib/gcc/arm-none-eabi/10.3.1/thumb/v7-m/nofp/crti.o
 .ARM.attributes
                0x000000000000001d       0x2d c:/st/stm32cubeide_1.8.0/stm32cubeide/plugins/com.st.stm32cube.ide.mcu.externaltools.gnu-tools-for-stm32.10.3-2021.10.win32_1.0.0.202111181127/tools/bin/../lib/gcc/arm-none-eabi/10.3.1/thumb/v7-m/nofp/crtbegin.o
 .ARM.attributes
                0x000000000000004a       0x2d ./Core/Src/backplate.o
 .ARM.attributes
                0x0000000000000077       0x2d ./Core/Src/checksum.o
 .ARM.attributes
                0x00000000000000a4       0x2d ./Core/Src/communication.o
 .ARM.attributes
                0x00000000000000d1       0x2d ./Core/Src/main.o
 .ARM.attributes
                0x00000000000000fe       0x2d ./Core/Src/stm32f1xx_hal_msp.o
 .ARM.attributes
                0x000000000000012b       0x2d ./Core/Src/stm32f1xx_it.o
 .ARM.attributes
                0x0000000000000158       0x2d ./Core/Src/system_stm32f1xx.o
 .ARM.attributes
                0x0000000000000185       0x2d ./Core/Src/thrusters.o
 .ARM.attributes
                0x00000000000001b2       0x21 ./Core/Startup/startup_stm32f103c6tx.o
 .ARM.attributes
                0x00000000000001d3       0x2d ./Drivers/STM32F1xx_HAL_Driver/Src/stm32f1xx_hal.o
 .ARM.attributes
                0x0000000000000200       0x2d ./Drivers/STM32F1xx_HAL_Driver/Src/stm32f1xx_hal_cortex.o
 .ARM.attributes
                0x000000000000022d       0x2d ./Drivers/STM32F1xx_HAL_Driver/Src/stm32f1xx_hal_dma.o
 .ARM.attributes
                0x000000000000025a       0x2d ./Drivers/STM32F1xx_HAL_Driver/Src/stm32f1xx_hal_gpio.o
 .ARM.attributes
                0x0000000000000287       0x2d ./Drivers/STM32F1xx_HAL_Driver/Src/stm32f1xx_hal_i2c.o
 .ARM.attributes
                0x00000000000002b4       0x2d ./Drivers/STM32F1xx_HAL_Driver/Src/stm32f1xx_hal_rcc.o
 .ARM.attributes
                0x00000000000002e1       0x2d ./Drivers/STM32F1xx_HAL_Driver/Src/stm32f1xx_hal_tim.o
 .ARM.attributes
                0x000000000000030e       0x2d ./Drivers/STM32F1xx_HAL_Driver/Src/stm32f1xx_hal_tim_ex.o
 .ARM.attributes
                0x000000000000033b       0x2d ./Drivers/STM32F1xx_HAL_Driver/Src/stm32f1xx_hal_uart.o
 .ARM.attributes
                0x0000000000000368       0x2d c:/st/stm32cubeide_1.8.0/stm32cubeide/plugins/com.st.stm32cube.ide.mcu.externaltools.gnu-tools-for-stm32.10.3-2021.10.win32_1.0.0.202111181127/tools/bin/../lib/gcc/arm-none-eabi/10.3.1/../../../../arm-none-eabi/lib/thumb/v7-m/nofp\libc_nano.a(lib_a-init.o)
 .ARM.attributes
                0x0000000000000395       0x2d c:/st/stm32cubeide_1.8.0/stm32cubeide/plugins/com.st.stm32cube.ide.mcu.externaltools.gnu-tools-for-stm32.10.3-2021.10.win32_1.0.0.202111181127/tools/bin/../lib/gcc/arm-none-eabi/10.3.1/../../../../arm-none-eabi/lib/thumb/v7-m/nofp\libc_nano.a(lib_a-memset.o)
 .ARM.attributes
                0x00000000000003c2       0x1d c:/st/stm32cubeide_1.8.0/stm32cubeide/plugins/com.st.stm32cube.ide.mcu.externaltools.gnu-tools-for-stm32.10.3-2021.10.win32_1.0.0.202111181127/tools/bin/../lib/gcc/arm-none-eabi/10.3.1/thumb/v7-m/nofp/crtn.o
OUTPUT(backcross.elf elf32-littlearm)
LOAD linker stubs
LOAD c:/st/stm32cubeide_1.8.0/stm32cubeide/plugins/com.st.stm32cube.ide.mcu.externaltools.gnu-tools-for-stm32.10.3-2021.10.win32_1.0.0.202111181127/tools/bin/../lib/gcc/arm-none-eabi/10.3.1/../../../../arm-none-eabi/lib/thumb/v7-m/nofp\libc.a
LOAD c:/st/stm32cubeide_1.8.0/stm32cubeide/plugins/com.st.stm32cube.ide.mcu.externaltools.gnu-tools-for-stm32.10.3-2021.10.win32_1.0.0.202111181127/tools/bin/../lib/gcc/arm-none-eabi/10.3.1/../../../../arm-none-eabi/lib/thumb/v7-m/nofp\libm.a
LOAD c:/st/stm32cubeide_1.8.0/stm32cubeide/plugins/com.st.stm32cube.ide.mcu.externaltools.gnu-tools-for-stm32.10.3-2021.10.win32_1.0.0.202111181127/tools/bin/../lib/gcc/arm-none-eabi/10.3.1/thumb/v7-m/nofp\libgcc.a

.debug_info     0x0000000000000000     0xe6f1
 .debug_info    0x0000000000000000      0x13c ./Core/Src/backplate.o
 .debug_info    0x000000000000013c      0x177 ./Core/Src/checksum.o
 .debug_info    0x00000000000002b3      0xda5 ./Core/Src/communication.o
 .debug_info    0x0000000000001058     0x1447 ./Core/Src/main.o
 .debug_info    0x000000000000249f     0x1074 ./Core/Src/stm32f1xx_hal_msp.o
 .debug_info    0x0000000000003513      0x3be ./Core/Src/stm32f1xx_it.o
 .debug_info    0x00000000000038d1      0x23d ./Core/Src/system_stm32f1xx.o
 .debug_info    0x0000000000003b0e      0x7f8 ./Core/Src/thrusters.o
 .debug_info    0x0000000000004306       0x22 ./Core/Startup/startup_stm32f103c6tx.o
 .debug_info    0x0000000000004328      0x716 ./Drivers/STM32F1xx_HAL_Driver/Src/stm32f1xx_hal.o
 .debug_info    0x0000000000004a3e      0xb02 ./Drivers/STM32F1xx_HAL_Driver/Src/stm32f1xx_hal_cortex.o
 .debug_info    0x0000000000005540      0x73f ./Drivers/STM32F1xx_HAL_Driver/Src/stm32f1xx_hal_dma.o
 .debug_info    0x0000000000005c7f      0x615 ./Drivers/STM32F1xx_HAL_Driver/Src/stm32f1xx_hal_gpio.o
 .debug_info    0x0000000000006294     0x2734 ./Drivers/STM32F1xx_HAL_Driver/Src/stm32f1xx_hal_i2c.o
 .debug_info    0x00000000000089c8      0x860 ./Drivers/STM32F1xx_HAL_Driver/Src/stm32f1xx_hal_rcc.o
 .debug_info    0x0000000000009228     0x29de ./Drivers/STM32F1xx_HAL_Driver/Src/stm32f1xx_hal_tim.o
 .debug_info    0x000000000000bc06     0x1513 ./Drivers/STM32F1xx_HAL_Driver/Src/stm32f1xx_hal_tim_ex.o
 .debug_info    0x000000000000d119     0x15d8 ./Drivers/STM32F1xx_HAL_Driver/Src/stm32f1xx_hal_uart.o

.debug_abbrev   0x0000000000000000     0x2296
 .debug_abbrev  0x0000000000000000       0x7f ./Core/Src/backplate.o
 .debug_abbrev  0x000000000000007f       0xd3 ./Core/Src/checksum.o
 .debug_abbrev  0x0000000000000152      0x251 ./Core/Src/communication.o
 .debug_abbrev  0x00000000000003a3      0x2ee ./Core/Src/main.o
 .debug_abbrev  0x0000000000000691      0x23e ./Core/Src/stm32f1xx_hal_msp.o
 .debug_abbrev  0x00000000000008cf      0x15f ./Core/Src/stm32f1xx_it.o
 .debug_abbrev  0x0000000000000a2e      0x13b ./Core/Src/system_stm32f1xx.o
 .debug_abbrev  0x0000000000000b69      0x210 ./Core/Src/thrusters.o
 .debug_abbrev  0x0000000000000d79       0x12 ./Core/Startup/startup_stm32f103c6tx.o
 .debug_abbrev  0x0000000000000d8b      0x1fb ./Drivers/STM32F1xx_HAL_Driver/Src/stm32f1xx_hal.o
 .debug_abbrev  0x0000000000000f86      0x2ed ./Drivers/STM32F1xx_HAL_Driver/Src/stm32f1xx_hal_cortex.o
 .debug_abbrev  0x0000000000001273      0x1fe ./Drivers/STM32F1xx_HAL_Driver/Src/stm32f1xx_hal_dma.o
 .debug_abbrev  0x0000000000001471      0x1bb ./Drivers/STM32F1xx_HAL_Driver/Src/stm32f1xx_hal_gpio.o
 .debug_abbrev  0x000000000000162c      0x288 ./Drivers/STM32F1xx_HAL_Driver/Src/stm32f1xx_hal_i2c.o
 .debug_abbrev  0x00000000000018b4      0x2a8 ./Drivers/STM32F1xx_HAL_Driver/Src/stm32f1xx_hal_rcc.o
 .debug_abbrev  0x0000000000001b5c      0x25d ./Drivers/STM32F1xx_HAL_Driver/Src/stm32f1xx_hal_tim.o
 .debug_abbrev  0x0000000000001db9      0x265 ./Drivers/STM32F1xx_HAL_Driver/Src/stm32f1xx_hal_tim_ex.o
 .debug_abbrev  0x000000000000201e      0x278 ./Drivers/STM32F1xx_HAL_Driver/Src/stm32f1xx_hal_uart.o

.debug_aranges  0x0000000000000000      0xfb0
 .debug_aranges
                0x0000000000000000       0x28 ./Core/Src/backplate.o
 .debug_aranges
                0x0000000000000028       0x28 ./Core/Src/checksum.o
 .debug_aranges
                0x0000000000000050       0x88 ./Core/Src/communication.o
 .debug_aranges
                0x00000000000000d8       0x60 ./Core/Src/main.o
 .debug_aranges
                0x0000000000000138       0x58 ./Core/Src/stm32f1xx_hal_msp.o
 .debug_aranges
                0x0000000000000190       0x70 ./Core/Src/stm32f1xx_it.o
 .debug_aranges
                0x0000000000000200       0x28 ./Core/Src/system_stm32f1xx.o
 .debug_aranges
                0x0000000000000228       0x40 ./Core/Src/thrusters.o
 .debug_aranges
                0x0000000000000268       0x28 ./Core/Startup/startup_stm32f103c6tx.o
 .debug_aranges
                0x0000000000000290       0xe0 ./Drivers/STM32F1xx_HAL_Driver/Src/stm32f1xx_hal.o
 .debug_aranges
                0x0000000000000370      0x100 ./Drivers/STM32F1xx_HAL_Driver/Src/stm32f1xx_hal_cortex.o
 .debug_aranges
                0x0000000000000470       0x80 ./Drivers/STM32F1xx_HAL_Driver/Src/stm32f1xx_hal_dma.o
 .debug_aranges
                0x00000000000004f0       0x58 ./Drivers/STM32F1xx_HAL_Driver/Src/stm32f1xx_hal_gpio.o
 .debug_aranges
                0x0000000000000548      0x2a0 ./Drivers/STM32F1xx_HAL_Driver/Src/stm32f1xx_hal_i2c.o
 .debug_aranges
                0x00000000000007e8       0x90 ./Drivers/STM32F1xx_HAL_Driver/Src/stm32f1xx_hal_rcc.o
 .debug_aranges
                0x0000000000000878      0x3d0 ./Drivers/STM32F1xx_HAL_Driver/Src/stm32f1xx_hal_tim.o
 .debug_aranges
                0x0000000000000c48      0x168 ./Drivers/STM32F1xx_HAL_Driver/Src/stm32f1xx_hal_tim_ex.o
 .debug_aranges
                0x0000000000000db0      0x200 ./Drivers/STM32F1xx_HAL_Driver/Src/stm32f1xx_hal_uart.o

.debug_ranges   0x0000000000000000      0xef0
 .debug_ranges  0x0000000000000000       0x18 ./Core/Src/backplate.o
 .debug_ranges  0x0000000000000018       0x18 ./Core/Src/checksum.o
 .debug_ranges  0x0000000000000030       0x78 ./Core/Src/communication.o
 .debug_ranges  0x00000000000000a8       0x50 ./Core/Src/main.o
 .debug_ranges  0x00000000000000f8       0x48 ./Core/Src/stm32f1xx_hal_msp.o
 .debug_ranges  0x0000000000000140       0x60 ./Core/Src/stm32f1xx_it.o
 .debug_ranges  0x00000000000001a0       0x18 ./Core/Src/system_stm32f1xx.o
 .debug_ranges  0x00000000000001b8       0x30 ./Core/Src/thrusters.o
 .debug_ranges  0x00000000000001e8       0x20 ./Core/Startup/startup_stm32f103c6tx.o
 .debug_ranges  0x0000000000000208       0xd0 ./Drivers/STM32F1xx_HAL_Driver/Src/stm32f1xx_hal.o
 .debug_ranges  0x00000000000002d8       0xf0 ./Drivers/STM32F1xx_HAL_Driver/Src/stm32f1xx_hal_cortex.o
 .debug_ranges  0x00000000000003c8       0x70 ./Drivers/STM32F1xx_HAL_Driver/Src/stm32f1xx_hal_dma.o
 .debug_ranges  0x0000000000000438       0x48 ./Drivers/STM32F1xx_HAL_Driver/Src/stm32f1xx_hal_gpio.o
 .debug_ranges  0x0000000000000480      0x2b8 ./Drivers/STM32F1xx_HAL_Driver/Src/stm32f1xx_hal_i2c.o
 .debug_ranges  0x0000000000000738       0x80 ./Drivers/STM32F1xx_HAL_Driver/Src/stm32f1xx_hal_rcc.o
 .debug_ranges  0x00000000000007b8      0x3c0 ./Drivers/STM32F1xx_HAL_Driver/Src/stm32f1xx_hal_tim.o
 .debug_ranges  0x0000000000000b78      0x158 ./Drivers/STM32F1xx_HAL_Driver/Src/stm32f1xx_hal_tim_ex.o
 .debug_ranges  0x0000000000000cd0      0x220 ./Drivers/STM32F1xx_HAL_Driver/Src/stm32f1xx_hal_uart.o

.debug_macro    0x0000000000000000     0x25c4
 .debug_macro   0x0000000000000000      0x399 ./Core/Src/backplate.o
 .debug_macro   0x0000000000000399       0x8e ./Core/Src/backplate.o
 .debug_macro   0x0000000000000427       0x51 ./Core/Src/backplate.o
 .debug_macro   0x0000000000000478       0x5c ./Core/Src/backplate.o
 .debug_macro   0x00000000000004d4       0x52 ./Core/Src/backplate.o
 .debug_macro   0x0000000000000526       0x10 ./Core/Src/backplate.o
 .debug_macro   0x0000000000000536       0x20 ./Core/Src/backplate.o
 .debug_macro   0x0000000000000556       0x1c ./Core/Src/backplate.o
 .debug_macro   0x0000000000000572       0x10 ./Core/Src/backplate.o
 .debug_macro   0x0000000000000582       0x10 ./Core/Src/backplate.o
 .debug_macro   0x0000000000000592       0x1c ./Core/Src/backplate.o
 .debug_macro   0x00000000000005ae       0x52 ./Core/Src/backplate.o
 .debug_macro   0x0000000000000600       0x22 ./Core/Src/backplate.o
 .debug_macro   0x0000000000000622       0x10 ./Core/Src/backplate.o
 .debug_macro   0x0000000000000632       0x52 ./Core/Src/backplate.o
 .debug_macro   0x0000000000000684       0xd5 ./Core/Src/backplate.o
 .debug_macro   0x0000000000000759       0x1c ./Core/Src/backplate.o
 .debug_macro   0x0000000000000775       0x3d ./Core/Src/backplate.o
 .debug_macro   0x00000000000007b2       0x16 ./Core/Src/backplate.o
 .debug_macro   0x00000000000007c8      0x145 ./Core/Src/backplate.o
 .debug_macro   0x000000000000090d       0x7c ./Core/Src/backplate.o
 .debug_macro   0x0000000000000989       0x22 ./Core/Src/backplate.o
 .debug_macro   0x00000000000009ab       0x16 ./Core/Src/backplate.o
 .debug_macro   0x00000000000009c1       0x76 ./Core/Src/checksum.o
 .debug_macro   0x0000000000000a37      0x2d0 ./Core/Src/communication.o
 .debug_macro   0x0000000000000d07       0x1c ./Core/Src/communication.o
 .debug_macro   0x0000000000000d23      0x1bb ./Core/Src/main.o
 .debug_macro   0x0000000000000ede      0x1bb ./Core/Src/stm32f1xx_hal_msp.o
 .debug_macro   0x0000000000001099      0x1c5 ./Core/Src/stm32f1xx_it.o
 .debug_macro   0x000000000000125e      0x1ac ./Core/Src/system_stm32f1xx.o
 .debug_macro   0x000000000000140a      0x1c4 ./Core/Src/thrusters.o
 .debug_macro   0x00000000000015ce      0x1d0 ./Drivers/STM32F1xx_HAL_Driver/Src/stm32f1xx_hal.o
 .debug_macro   0x000000000000179e      0x1ac ./Drivers/STM32F1xx_HAL_Driver/Src/stm32f1xx_hal_cortex.o
 .debug_macro   0x000000000000194a      0x1ac ./Drivers/STM32F1xx_HAL_Driver/Src/stm32f1xx_hal_dma.o
 .debug_macro   0x0000000000001af6      0x217 ./Drivers/STM32F1xx_HAL_Driver/Src/stm32f1xx_hal_gpio.o
 .debug_macro   0x0000000000001d0d      0x1f3 ./Drivers/STM32F1xx_HAL_Driver/Src/stm32f1xx_hal_i2c.o
 .debug_macro   0x0000000000001f00      0x1be ./Drivers/STM32F1xx_HAL_Driver/Src/stm32f1xx_hal_rcc.o
 .debug_macro   0x00000000000020be      0x1ad ./Drivers/STM32F1xx_HAL_Driver/Src/stm32f1xx_hal_tim.o
 .debug_macro   0x000000000000226b      0x1ac ./Drivers/STM32F1xx_HAL_Driver/Src/stm32f1xx_hal_tim_ex.o
 .debug_macro   0x0000000000002417      0x1ad ./Drivers/STM32F1xx_HAL_Driver/Src/stm32f1xx_hal_uart.o

.debug_line     0x0000000000000000    0x116a2
 .debug_line    0x0000000000000000      0x91d ./Core/Src/backplate.o
 .debug_line    0x000000000000091d      0x41b ./Core/Src/checksum.o
 .debug_line    0x0000000000000d38      0xa22 ./Core/Src/communication.o
 .debug_line    0x000000000000175a      0x8d1 ./Core/Src/main.o
 .debug_line    0x000000000000202b      0x808 ./Core/Src/stm32f1xx_hal_msp.o
 .debug_line    0x0000000000002833      0x777 ./Core/Src/stm32f1xx_it.o
 .debug_line    0x0000000000002faa      0x703 ./Core/Src/system_stm32f1xx.o
 .debug_line    0x00000000000036ad      0x7c7 ./Core/Src/thrusters.o
 .debug_line    0x0000000000003e74       0x87 ./Core/Startup/startup_stm32f103c6tx.o
 .debug_line    0x0000000000003efb      0x930 ./Drivers/STM32F1xx_HAL_Driver/Src/stm32f1xx_hal.o
 .debug_line    0x000000000000482b      0xb18 ./Drivers/STM32F1xx_HAL_Driver/Src/stm32f1xx_hal_cortex.o
 .debug_line    0x0000000000005343      0xd88 ./Drivers/STM32F1xx_HAL_Driver/Src/stm32f1xx_hal_dma.o
 .debug_line    0x00000000000060cb      0x9b2 ./Drivers/STM32F1xx_HAL_Driver/Src/stm32f1xx_hal_gpio.o
 .debug_line    0x0000000000006a7d     0x3a1a ./Drivers/STM32F1xx_HAL_Driver/Src/stm32f1xx_hal_i2c.o
 .debug_line    0x000000000000a497      0xd3e ./Drivers/STM32F1xx_HAL_Driver/Src/stm32f1xx_hal_rcc.o
 .debug_line    0x000000000000b1d5     0x329c ./Drivers/STM32F1xx_HAL_Driver/Src/stm32f1xx_hal_tim.o
 .debug_line    0x000000000000e471     0x1826 ./Drivers/STM32F1xx_HAL_Driver/Src/stm32f1xx_hal_tim_ex.o
 .debug_line    0x000000000000fc97     0x1a0b ./Drivers/STM32F1xx_HAL_Driver/Src/stm32f1xx_hal_uart.o

.debug_str      0x0000000000000000    0x8aa18
 .debug_str     0x0000000000000000    0x86579 ./Core/Src/backplate.o
                                      0x868ce (size before relaxing)
 .debug_str     0x0000000000086579       0x5c ./Core/Src/checksum.o
                                       0x3c64 (size before relaxing)
 .debug_str     0x00000000000865d5      0x8f3 ./Core/Src/communication.o
                                      0x86286 (size before relaxing)
 .debug_str     0x0000000000086ec8      0x917 ./Core/Src/main.o
                                      0x8389c (size before relaxing)
 .debug_str     0x00000000000877df      0x104 ./Core/Src/stm32f1xx_hal_msp.o
                                      0x832c9 (size before relaxing)
 .debug_str     0x00000000000878e3      0x10e ./Core/Src/stm32f1xx_it.o
                                      0x82a8e (size before relaxing)
 .debug_str     0x00000000000879f1       0x7e ./Core/Src/system_stm32f1xx.o
                                      0x82829 (size before relaxing)
 .debug_str     0x0000000000087a6f       0x87 ./Core/Src/thrusters.o
                                      0x82e0e (size before relaxing)
 .debug_str     0x0000000000087af6       0x36 ./Core/Startup/startup_stm32f103c6tx.o
                                         0x77 (size before relaxing)
 .debug_str     0x0000000000087b2c      0x382 ./Drivers/STM32F1xx_HAL_Driver/Src/stm32f1xx_hal.o
                                      0x82f22 (size before relaxing)
 .debug_str     0x0000000000087eae      0x29e ./Drivers/STM32F1xx_HAL_Driver/Src/stm32f1xx_hal_cortex.o
                                      0x82e6e (size before relaxing)
 .debug_str     0x000000000008814c      0x206 ./Drivers/STM32F1xx_HAL_Driver/Src/stm32f1xx_hal_dma.o
                                      0x82bd2 (size before relaxing)
 .debug_str     0x0000000000088352      0x2e1 ./Drivers/STM32F1xx_HAL_Driver/Src/stm32f1xx_hal_gpio.o
                                      0x82baf (size before relaxing)
 .debug_str     0x0000000000088633      0xac9 ./Drivers/STM32F1xx_HAL_Driver/Src/stm32f1xx_hal_i2c.o
                                      0x8389d (size before relaxing)
 .debug_str     0x00000000000890fc      0x209 ./Drivers/STM32F1xx_HAL_Driver/Src/stm32f1xx_hal_rcc.o
                                      0x82c58 (size before relaxing)
 .debug_str     0x0000000000089305      0xdca ./Drivers/STM32F1xx_HAL_Driver/Src/stm32f1xx_hal_tim.o
                                      0x83c43 (size before relaxing)
 .debug_str     0x000000000008a0cf      0x3e1 ./Drivers/STM32F1xx_HAL_Driver/Src/stm32f1xx_hal_tim_ex.o
                                      0x8345f (size before relaxing)
 .debug_str     0x000000000008a4b0      0x568 ./Drivers/STM32F1xx_HAL_Driver/Src/stm32f1xx_hal_uart.o
                                      0x83263 (size before relaxing)

.comment        0x0000000000000000       0x50
 .comment       0x0000000000000000       0x50 ./Core/Src/backplate.o
                                         0x51 (size before relaxing)
 .comment       0x0000000000000050       0x51 ./Core/Src/checksum.o
 .comment       0x0000000000000050       0x51 ./Core/Src/communication.o
 .comment       0x0000000000000050       0x51 ./Core/Src/main.o
 .comment       0x0000000000000050       0x51 ./Core/Src/stm32f1xx_hal_msp.o
 .comment       0x0000000000000050       0x51 ./Core/Src/stm32f1xx_it.o
 .comment       0x0000000000000050       0x51 ./Core/Src/system_stm32f1xx.o
 .comment       0x0000000000000050       0x51 ./Core/Src/thrusters.o
 .comment       0x0000000000000050       0x51 ./Drivers/STM32F1xx_HAL_Driver/Src/stm32f1xx_hal.o
 .comment       0x0000000000000050       0x51 ./Drivers/STM32F1xx_HAL_Driver/Src/stm32f1xx_hal_cortex.o
 .comment       0x0000000000000050       0x51 ./Drivers/STM32F1xx_HAL_Driver/Src/stm32f1xx_hal_dma.o
 .comment       0x0000000000000050       0x51 ./Drivers/STM32F1xx_HAL_Driver/Src/stm32f1xx_hal_gpio.o
 .comment       0x0000000000000050       0x51 ./Drivers/STM32F1xx_HAL_Driver/Src/stm32f1xx_hal_i2c.o
 .comment       0x0000000000000050       0x51 ./Drivers/STM32F1xx_HAL_Driver/Src/stm32f1xx_hal_rcc.o
 .comment       0x0000000000000050       0x51 ./Drivers/STM32F1xx_HAL_Driver/Src/stm32f1xx_hal_tim.o
 .comment       0x0000000000000050       0x51 ./Drivers/STM32F1xx_HAL_Driver/Src/stm32f1xx_hal_tim_ex.o
 .comment       0x0000000000000050       0x51 ./Drivers/STM32F1xx_HAL_Driver/Src/stm32f1xx_hal_uart.o

.debug_frame    0x0000000000000000     0x41f0
 .debug_frame   0x0000000000000000       0x48 ./Core/Src/backplate.o
 .debug_frame   0x0000000000000048       0x60 ./Core/Src/checksum.o
 .debug_frame   0x00000000000000a8      0x210 ./Core/Src/communication.o
 .debug_frame   0x00000000000002b8      0x130 ./Core/Src/main.o
 .debug_frame   0x00000000000003e8      0x13c ./Core/Src/stm32f1xx_hal_msp.o
 .debug_frame   0x0000000000000524      0x13c ./Core/Src/stm32f1xx_it.o
 .debug_frame   0x0000000000000660       0x58 ./Core/Src/system_stm32f1xx.o
 .debug_frame   0x00000000000006b8       0xc0 ./Core/Src/thrusters.o
 .debug_frame   0x0000000000000778      0x334 ./Drivers/STM32F1xx_HAL_Driver/Src/stm32f1xx_hal.o
 .debug_frame   0x0000000000000aac      0x428 ./Drivers/STM32F1xx_HAL_Driver/Src/stm32f1xx_hal_cortex.o
 .debug_frame   0x0000000000000ed4      0x208 ./Drivers/STM32F1xx_HAL_Driver/Src/stm32f1xx_hal_dma.o
 .debug_frame   0x00000000000010dc      0x14c ./Drivers/STM32F1xx_HAL_Driver/Src/stm32f1xx_hal_gpio.o
 .debug_frame   0x0000000000001228      0xc5c ./Drivers/STM32F1xx_HAL_Driver/Src/stm32f1xx_hal_i2c.o
 .debug_frame   0x0000000000001e84      0x21c ./Drivers/STM32F1xx_HAL_Driver/Src/stm32f1xx_hal_rcc.o
 .debug_frame   0x00000000000020a0     0x11b8 ./Drivers/STM32F1xx_HAL_Driver/Src/stm32f1xx_hal_tim.o
 .debug_frame   0x0000000000003258      0x638 ./Drivers/STM32F1xx_HAL_Driver/Src/stm32f1xx_hal_tim_ex.o
 .debug_frame   0x0000000000003890      0x914 ./Drivers/STM32F1xx_HAL_Driver/Src/stm32f1xx_hal_uart.o
 .debug_frame   0x00000000000041a4       0x2c c:/st/stm32cubeide_1.8.0/stm32cubeide/plugins/com.st.stm32cube.ide.mcu.externaltools.gnu-tools-for-stm32.10.3-2021.10.win32_1.0.0.202111181127/tools/bin/../lib/gcc/arm-none-eabi/10.3.1/../../../../arm-none-eabi/lib/thumb/v7-m/nofp\libc_nano.a(lib_a-init.o)
 .debug_frame   0x00000000000041d0       0x20 c:/st/stm32cubeide_1.8.0/stm32cubeide/plugins/com.st.stm32cube.ide.mcu.externaltools.gnu-tools-for-stm32.10.3-2021.10.win32_1.0.0.202111181127/tools/bin/../lib/gcc/arm-none-eabi/10.3.1/../../../../arm-none-eabi/lib/thumb/v7-m/nofp\libc_nano.a(lib_a-memset.o)
